[16:28:33.988] [32mINFO[39m (28400): [36mServer listening[39m
    [35mport[39m: 3000
[16:28:53.124] [32mINFO[39m (28400): [36mrequest completed[39m
    [35mreq[39m: {
      "id": 1,
      "method": "GET",
      "url": "/api/settings"
    }
    [35mres[39m: {
      "statusCode": 200
    }
    [35mresponseTime[39m: 759
[16:32:37.551] [32mINFO[39m (28400): [36mrequest completed[39m
    [35mreq[39m: {
      "id": 3,
      "method": "GET",
      "url": "/api/marketplace/designs"
    }
    [35mres[39m: {
      "statusCode": 200
    }
    [35mresponseTime[39m: 1604
[16:32:37.593] [32mINFO[39m (28400): [36mrequest aborted[39m
    [35mreq[39m: {
      "id": 4,
      "method": "GET",
      "url": "/api/teams/popular"
    }
    [35mres[39m: {
      "statusCode": null
    }
    [35mresponseTime[39m: 1642
[16:32:37.792] [32mINFO[39m (28400): [36mrequest completed[39m
    [35mreq[39m: {
      "id": 5,
      "method": "GET",
      "url": "/api/marketplace/designs"
    }
    [35mres[39m: {
      "statusCode": 304
    }
    [35mresponseTime[39m: 204
[16:32:37.796] [32mINFO[39m (28400): [36mrequest completed[39m
    [35mreq[39m: {
      "id": 6,
      "method": "GET",
      "url": "/api/marketplace/categories"
    }
    [35mres[39m: {
      "statusCode": 200
    }
    [35mresponseTime[39m: 206
[16:32:37.848] [32mINFO[39m (28400): [36mrequest completed[39m
    [35mreq[39m: {
      "id": 2,
      "method": "POST",
      "url": "/api/track-visit"
    }
    [35mres[39m: {
      "statusCode": 200
    }
    [35mresponseTime[39m: 1948
[16:32:41.095] [32mINFO[39m (28400): [36mrequest completed[39m
    [35mreq[39m: {
      "id": 7,
      "method": "GET",
      "url": "/api/teams"
    }
    [35mres[39m: {
      "statusCode": 200
    }
    [35mresponseTime[39m: 647
[16:32:42.587] [32mINFO[39m (28400): [36mrequest completed[39m
    [35mreq[39m: {
      "id": 8,
      "method": "GET",
      "url": "/api/marketplace/designs"
    }
    [35mres[39m: {
      "statusCode": 304
    }
    [35mresponseTime[39m: 229
[16:32:42.661] [32mINFO[39m (28400): [36mrequest completed[39m
    [35mreq[39m: {
      "id": 9,
      "method": "GET",
      "url": "/api/marketplace/categories"
    }
    [35mres[39m: {
      "statusCode": 304
    }
    [35mresponseTime[39m: 302
[16:32:47.084] [32mINFO[39m (28400): [36mrequest completed[39m
    [35mreq[39m: {
      "id": 10,
      "method": "GET",
      "url": "/api/marketplace/designs/6"
    }
    [35mres[39m: {
      "statusCode": 200
    }
    [35mresponseTime[39m: 293
[16:32:49.264] [32mINFO[39m (28400): [36mrequest completed[39m
    [35mreq[39m: {
      "id": 11,
      "method": "GET",
      "url": "/api/teams"
    }
    [35mres[39m: {
      "statusCode": 304
    }
    [35mresponseTime[39m: 188
[16:32:52.231] [32mINFO[39m (28400): [36mrequest completed[39m
    [35mreq[39m: {
      "id": 12,
      "method": "GET",
      "url": "/api/teams/popular"
    }
    [35mres[39m: {
      "statusCode": 200
    }
    [35mresponseTime[39m: 180
[16:32:52.365] [32mINFO[39m (28400): [36mrequest completed[39m
    [35mreq[39m: {
      "id": 13,
      "method": "GET",
      "url": "/api/marketplace/designs"
    }
    [35mres[39m: {
      "statusCode": 304
    }
    [35mresponseTime[39m: 313
[16:33:11.223] [32mINFO[39m (28400): [36mrequest completed[39m
    [35mreq[39m: {
      "id": 14,
      "method": "GET",
      "url": "/api/marketplace/designs/8"
    }
    [35mres[39m: {
      "statusCode": 200
    }
    [35mresponseTime[39m: 298
[16:33:33.000] [32mINFO[39m (28400): [36mrequest completed[39m
    [35mreq[39m: {
      "id": 15,
      "method": "GET",
      "url": "/api/marketplace/designs"
    }
    [35mres[39m: {
      "statusCode": 304
    }
    [35mresponseTime[39m: 1007
[16:33:33.087] [32mINFO[39m (28400): [36mrequest completed[39m
    [35mreq[39m: {
      "id": 16,
      "method": "GET",
      "url": "/api/teams/popular"
    }
    [35mres[39m: {
      "statusCode": 304
    }
    [35mresponseTime[39m: 1092
[16:34:14.707] [32mINFO[39m (28400): [36mrequest completed[39m
    [35mreq[39m: {
      "id": 17,
      "method": "GET",
      "url": "/api/teams"
    }
    [35mres[39m: {
      "statusCode": 304
    }
    [35mresponseTime[39m: 640
[16:34:15.879] [32mINFO[39m (28400): [36mrequest completed[39m
    [35mreq[39m: {
      "id": 18,
      "method": "GET",
      "url": "/api/marketplace/categories"
    }
    [35mres[39m: {
      "statusCode": 304
    }
    [35mresponseTime[39m: 179
[16:34:16.026] [32mINFO[39m (28400): [36mrequest completed[39m
    [35mreq[39m: {
      "id": 19,
      "method": "GET",
      "url": "/api/marketplace/designs"
    }
    [35mres[39m: {
      "statusCode": 304
    }
    [35mresponseTime[39m: 324
[16:34:17.452] [32mINFO[39m (28400): [36mrequest completed[39m
    [35mreq[39m: {
      "id": 20,
      "method": "GET",
      "url": "/api/orders"
    }
    [35mres[39m: {
      "statusCode": 401
    }
    [35mresponseTime[39m: 2
[16:34:19.743] [32mINFO[39m (28400): [36mrequest completed[39m
    [35mreq[39m: {
      "id": 21,
      "method": "GET",
      "url": "/api/orders/stats"
    }
    [35mres[39m: {
      "statusCode": 200
    }
    [35mresponseTime[39m: 646
[16:34:21.389] [32mINFO[39m (28400): [36mrequest completed[39m
    [35mreq[39m: {
      "id": 22,
      "method": "GET",
      "url": "/api/teams"
    }
    [35mres[39m: {
      "statusCode": 304
    }
    [35mresponseTime[39m: 197
[16:34:22.600] [32mINFO[39m (28400): [36mrequest completed[39m
    [35mreq[39m: {
      "id": 23,
      "method": "GET",
      "url": "/api/teams/4"
    }
    [35mres[39m: {
      "statusCode": 200
    }
    [35mresponseTime[39m: 169
[16:34:22.606] [32mINFO[39m (28400): [36mrequest completed[39m
    [35mreq[39m: {
      "id": 24,
      "method": "GET",
      "url": "/api/settings"
    }
    [35mres[39m: {
      "statusCode": 304
    }
    [35mresponseTime[39m: 173
[16:34:22.890] [32mINFO[39m (28400): [36mrequest completed[39m
    [35mreq[39m: {
      "id": 25,
      "method": "GET",
      "url": "/api/teams/4/jersey-colors"
    }
    [35mres[39m: {
      "statusCode": 200
    }
    [35mresponseTime[39m: 457
[16:35:00.678] [32mINFO[39m (28400): [36mrequest completed[39m
    [35mreq[39m: {
      "id": 27,
      "method": "GET",
      "url": "/api/settings"
    }
    [35mres[39m: {
      "statusCode": 304
    }
    [35mresponseTime[39m: 495
[16:35:00.684] [32mINFO[39m (28400): [36mrequest completed[39m
    [35mreq[39m: {
      "id": 26,
      "method": "GET",
      "url": "/api/teams/4"
    }
    [35mres[39m: {
      "statusCode": 304
    }
    [35mresponseTime[39m: 503
[16:35:00.761] [32mINFO[39m (28400): [36mrequest completed[39m
    [35mreq[39m: {
      "id": 28,
      "method": "GET",
      "url": "/api/teams/4/jersey-colors"
    }
    [35mres[39m: {
      "statusCode": 304
    }
    [35mresponseTime[39m: 577
[16:35:27.400] [32mINFO[39m (28400): [36mrequest completed[39m
    [35mreq[39m: {
      "id": 29,
      "method": "POST",
      "url": "/api/track-visit"
    }
    [35mres[39m: {
      "statusCode": 200
    }
    [35mresponseTime[39m: 646
[16:36:44.378] [32mINFO[39m (28400): [36mrequest completed[39m
    [35mreq[39m: {
      "id": 31,
      "method": "GET",
      "url": "/api/admin/orders"
    }
    [35mres[39m: {
      "statusCode": 401
    }
    [35mresponseTime[39m: 3
[16:36:45.481] [32mINFO[39m (28400): [36mrequest completed[39m
    [35mreq[39m: {
      "id": 30,
      "method": "GET",
      "url": "/api/orders/stats"
    }
    [35mres[39m: {
      "statusCode": 304
    }
    [35mresponseTime[39m: 1108
[16:37:12.839] [32mINFO[39m (28400): [36mrequest completed[39m
    [35mreq[39m: {
      "id": 32,
      "method": "GET",
      "url": "/api/admin/orders"
    }
    [35mres[39m: {
      "statusCode": 200
    }
    [35mresponseTime[39m: 283
[16:37:20.387] [32mINFO[39m (28400): [36mrequest completed[39m
    [35mreq[39m: {
      "id": 33,
      "method": "GET",
      "url": "/api/orders/stats"
    }
    [35mres[39m: {
      "statusCode": 200
    }
    [35mresponseTime[39m: 945
[16:37:46.577] [32mINFO[39m (28400): [36mrequest completed[39m
    [35mreq[39m: {
      "id": 34,
      "method": "GET",
      "url": "/api/admin/orders"
    }
    [35mres[39m: {
      "statusCode": 200
    }
    [35mresponseTime[39m: 349
[16:51:04.583] [32mINFO[39m (28400): [36mrequest completed[39m
    [35mreq[39m: {
      "id": 37,
      "method": "GET",
      "url": "/api/admin/stats/charts"
    }
    [35mres[39m: {
      "statusCode": 304
    }
    [35mresponseTime[39m: 664
[16:51:04.592] [32mINFO[39m (28400): [36mrequest completed[39m
    [35mreq[39m: {
      "id": 36,
      "method": "GET",
      "url": "/api/orders"
    }
    [35mres[39m: {
      "statusCode": 200
    }
    [35mresponseTime[39m: 674
[16:51:04.639] [32mINFO[39m (28400): [36mrequest completed[39m
    [35mreq[39m: {
      "id": 38,
      "method": "GET",
      "url": "/api/admin/stats/visitors"
    }
    [35mres[39m: {
      "statusCode": 200
    }
    [35mresponseTime[39m: 718
[16:51:05.045] [32mINFO[39m (28400): [36mrequest completed[39m
    [35mreq[39m: {
      "id": 35,
      "method": "GET",
      "url": "/api/orders/stats"
    }
    [35mres[39m: {
      "statusCode": 304
    }
    [35mresponseTime[39m: 1129
[16:53:15.908] [32mINFO[39m (28400): [36mrequest completed[39m
    [35mreq[39m: {
      "id": 40,
      "method": "GET",
      "url": "/api/admin/orders"
    }
    [35mres[39m: {
      "statusCode": 401
    }
    [35mresponseTime[39m: 1
[16:53:17.155] [32mINFO[39m (28400): [36mrequest completed[39m
    [35mreq[39m: {
      "id": 39,
      "method": "GET",
      "url": "/api/orders/stats"
    }
    [35mres[39m: {
      "statusCode": 304
    }
    [35mresponseTime[39m: 1249
[16:53:45.144] [32mINFO[39m (28400): [36mrequest completed[39m
    [35mreq[39m: {
      "id": 41,
      "method": "GET",
      "url": "/api/admin/orders"
    }
    [35mres[39m: {
      "statusCode": 401
    }
    [35mresponseTime[39m: 0
[16:54:02.553] [32mINFO[39m (28400): [36mrequest completed[39m
    [35mreq[39m: {
      "id": 42,
      "method": "GET",
      "url": "/api/admin/orders"
    }
    [35mres[39m: {
      "statusCode": 401
    }
    [35mresponseTime[39m: 1
[16:54:03.067] [32mINFO[39m (28400): [36mrequest completed[39m
    [35mreq[39m: {
      "id": 43,
      "method": "GET",
      "url": "/api/admin/orders"
    }
    [35mres[39m: {
      "statusCode": 200
    }
    [35mresponseTime[39m: 425
